../Core/Src/main.c:105:5:main	16	static
../Core/Src/main.c:205:6:SystemClock_Config	88	static
../Core/Src/main.c:252:13:MX_TIM2_Init	64	static
../Core/Src/main.c:319:13:MX_TIM3_Init	64	static
../Core/Src/main.c:382:13:MX_TIM4_Init	64	static
../Core/Src/main.c:441:13:MX_USART1_UART_Init	8	static
../Core/Src/main.c:474:13:MX_USART2_UART_Init	8	static
../Core/Src/main.c:507:13:MX_GPIO_Init	48	static
../Core/Src/main.c:542:6:HAL_UART_RxCpltCallback	40	static
../Core/Src/main.c:590:6:BluetoothTask	24	static
../Core/Src/main.c:616:6:MoveRobotArmTask	16	static
../Core/Src/main.c:639:6:HAL_TIM_PeriodElapsedCallback	16	static
../Core/Src/main.c:657:6:Error_Handler	4	static,ignoring_inline_asm
