../Core/Src/main.c:105:5:main	16	static
../Core/Src/main.c:203:6:SystemClock_Config	88	static
../Core/Src/main.c:250:13:MX_TIM2_Init	64	static
../Core/Src/main.c:317:13:MX_TIM3_Init	64	static
../Core/Src/main.c:380:13:MX_TIM4_Init	64	static
../Core/Src/main.c:439:13:MX_USART1_UART_Init	8	static
../Core/Src/main.c:472:13:MX_USART2_UART_Init	8	static
../Core/Src/main.c:505:13:MX_GPIO_Init	48	static
../Core/Src/main.c:540:6:HAL_UART_RxCpltCallback	40	static
../Core/Src/main.c:582:6:BluetoothTask	24	static
../Core/Src/main.c:608:6:MoveRobotArmTask	16	static
../Core/Src/main.c:631:6:HAL_TIM_PeriodElapsedCallback	16	static
../Core/Src/main.c:649:6:Error_Handler	4	static,ignoring_inline_asm
