../Core/Src/main.c:113:5:main	1
../Core/Src/main.c:212:6:SystemClock_Config	3
../Core/Src/main.c:259:13:MX_TIM2_Init	8
../Core/Src/main.c:326:13:MX_TIM3_Init	7
../Core/Src/main.c:389:13:MX_TIM4_Init	6
../Core/Src/main.c:448:13:MX_USART1_UART_Init	2
../Core/Src/main.c:481:13:MX_USART2_UART_Init	2
../Core/Src/main.c:514:13:MX_GPIO_Init	1
../Core/Src/main.c:549:6:HAL_UART_RxCpltCallback	8
../Core/Src/main.c:604:6:BluetoothTask	2
../Core/Src/main.c:629:6:MoveRobotArmTask	6
../Core/Src/main.c:676:6:ColorSensorTask	1
../Core/Src/main.c:695:6:HAL_TIM_PeriodElapsedCallback	2
../Core/Src/main.c:713:6:Error_Handler	1
