../Core/Src/main.c:107:6:HAL_UART_RxCpltCallback	160	static
../Core/Src/main.c:179:5:main	48	static
../Core/Src/main.c:291:6:SystemClock_Config	88	static
../Core/Src/main.c:338:13:MX_TIM2_Init	64	static
../Core/Src/main.c:405:13:MX_TIM3_Init	64	static
../Core/Src/main.c:468:13:MX_TIM4_Init	64	static
../Core/Src/main.c:527:13:MX_USART1_UART_Init	8	static
../Core/Src/main.c:560:13:MX_USART2_UART_Init	8	static
../Core/Src/main.c:593:13:MX_GPIO_Init	48	static
../Core/Src/main.c:638:6:BluetoothTask	16	static
../Core/Src/main.c:656:6:MoveRobotArmTask	32	static
../Core/Src/main.c:679:6:ColorSensorTask	16	static
../Core/Src/main.c:698:6:HAL_TIM_PeriodElapsedCallback	16	static
../Core/Src/main.c:716:6:Error_Handler	4	static,ignoring_inline_asm
