../Core/Src/main.c:107:6:HAL_UART_RxCpltCallback	160	static
../Core/Src/main.c:179:5:main	48	static
../Core/Src/main.c:293:6:SystemClock_Config	88	static
../Core/Src/main.c:340:13:MX_TIM2_Init	64	static
../Core/Src/main.c:407:13:MX_TIM3_Init	64	static
../Core/Src/main.c:470:13:MX_TIM4_Init	64	static
../Core/Src/main.c:529:13:MX_USART1_UART_Init	8	static
../Core/Src/main.c:562:13:MX_USART2_UART_Init	8	static
../Core/Src/main.c:595:13:MX_GPIO_Init	48	static
../Core/Src/main.c:640:6:BluetoothTask	16	static
../Core/Src/main.c:658:6:MoveRobotArmTask	32	static
../Core/Src/main.c:681:6:ColorSensorTask	16	static
../Core/Src/main.c:700:6:HAL_TIM_PeriodElapsedCallback	16	static
../Core/Src/main.c:718:6:Error_Handler	4	static,ignoring_inline_asm
