../Core/Src/main.c:105:6:HAL_UART_RxCpltCallback	8
../Core/Src/main.c:159:5:main	1
../Core/Src/main.c:270:6:SystemClock_Config	3
../Core/Src/main.c:317:13:MX_TIM2_Init	8
../Core/Src/main.c:384:13:MX_TIM3_Init	7
../Core/Src/main.c:447:13:MX_TIM4_Init	6
../Core/Src/main.c:506:13:MX_USART1_UART_Init	2
../Core/Src/main.c:539:13:MX_USART2_UART_Init	2
../Core/Src/main.c:572:13:MX_GPIO_Init	1
../Core/Src/main.c:617:6:BluetoothTask	2
../Core/Src/main.c:641:6:MoveRobotArmTask	6
../Core/Src/main.c:685:6:ColorSensorTask	1
../Core/Src/main.c:704:6:HAL_TIM_PeriodElapsedCallback	2
../Core/Src/main.c:722:6:Error_Handler	1
