../Core/Src/main.c:71:6:Set_Servo_Angle	24	static
../Core/Src/main.c:91:6:init_arm	8	static
../Core/Src/main.c:111:6:move_base	16	static
../Core/Src/main.c:119:6:move_shoulder	16	static
../Core/Src/main.c:127:6:move_elbow	24	static
../Core/Src/main.c:148:6:move_wrist_ver	16	static
../Core/Src/main.c:154:6:move_wrist_rot	16	static
../Core/Src/main.c:161:6:move_gripper	16	static
../Core/Src/main.c:173:5:main	8	static
../Core/Src/main.c:248:6:SystemClock_Config	88	static
../Core/Src/main.c:295:13:MX_TIM2_Init	64	static
../Core/Src/main.c:362:13:MX_TIM3_Init	64	static
../Core/Src/main.c:425:13:MX_TIM4_Init	64	static
../Core/Src/main.c:484:13:MX_USART2_UART_Init	8	static
../Core/Src/main.c:517:13:MX_GPIO_Init	48	static
../Core/Src/main.c:559:6:Error_Handler	4	static,ignoring_inline_asm
