../Core/Src/main.c:75:6:Set_Servo_Angle	24	static
../Core/Src/main.c:88:6:init_arm	8	static
../Core/Src/main.c:109:6:move_base	16	static
../Core/Src/main.c:127:6:move_shoulder	16	static
../Core/Src/main.c:145:6:move_elbow	16	static
../Core/Src/main.c:163:6:move_wrist_ver	16	static
../Core/Src/main.c:180:6:move_wrist_rot	16	static
../Core/Src/main.c:198:6:move_gripper	16	static
../Core/Src/main.c:221:5:main	8	static
../Core/Src/main.c:296:6:SystemClock_Config	88	static
../Core/Src/main.c:343:13:MX_TIM2_Init	64	static
../Core/Src/main.c:410:13:MX_TIM3_Init	64	static
../Core/Src/main.c:473:13:MX_TIM4_Init	64	static
../Core/Src/main.c:532:13:MX_USART1_UART_Init	8	static
../Core/Src/main.c:565:13:MX_USART2_UART_Init	8	static
../Core/Src/main.c:598:13:MX_GPIO_Init	48	static
../Core/Src/main.c:640:6:Error_Handler	4	static,ignoring_inline_asm
