../Core/Src/main.c:73:6:move_base	3
../Core/Src/main.c:91:6:move_shoulder	3
../Core/Src/main.c:109:6:move_elbow	3
../Core/Src/main.c:127:6:move_wrist_ver	3
../Core/Src/main.c:144:6:move_wrist_rot	3
../Core/Src/main.c:162:6:move_gripper	3
../Core/Src/main.c:186:5:main	1
../Core/Src/main.c:251:6:SystemClock_Config	3
../Core/Src/main.c:298:13:MX_TIM2_Init	8
../Core/Src/main.c:365:13:MX_TIM3_Init	7
../Core/Src/main.c:428:13:MX_TIM4_Init	6
../Core/Src/main.c:487:13:MX_USART1_UART_Init	2
../Core/Src/main.c:520:13:MX_USART2_UART_Init	2
../Core/Src/main.c:553:13:MX_GPIO_Init	1
../Core/Src/main.c:595:6:Error_Handler	1
