../Core/Src/main.c:71:6:Set_Servo_Angle	4
../Core/Src/main.c:91:6:init_arm	1
../Core/Src/main.c:111:6:move_base	2
../Core/Src/main.c:119:6:move_shoulder	2
../Core/Src/main.c:127:6:move_elbow	3
../Core/Src/main.c:148:6:move_wrist_ver	2
../Core/Src/main.c:154:6:move_wrist_rot	2
../Core/Src/main.c:161:6:move_gripper	2
../Core/Src/main.c:173:5:main	1
../Core/Src/main.c:248:6:SystemClock_Config	3
../Core/Src/main.c:295:13:MX_TIM2_Init	8
../Core/Src/main.c:362:13:MX_TIM3_Init	7
../Core/Src/main.c:425:13:MX_TIM4_Init	6
../Core/Src/main.c:484:13:MX_USART2_UART_Init	2
../Core/Src/main.c:517:13:MX_GPIO_Init	1
../Core/Src/main.c:559:6:Error_Handler	1
